<testsuites name="results">
  <testsuite name="all" package="all">
    <property name="random_seed" value="1766528759" />
    <testcase name="test_counter_reset" classname="tb.test_counter" file="/mnt/c/Users/shubh/OneDrive/Desktop/Projects/VerificationX/VerificationPractice/tb/test_counter.py" lineno="5" time="0.0009090900421142578" sim_time_ns="20.0" ratio_time="22000.02098085497" />
  </testsuite>
</testsuites>